2026-10-04T04:28:53.586Z	Initializing build environment...
2026-10-04T04:28:56.033Z	Success: Finished initializing build environment
2026-10-04T04:28:56.675Z	Cloning repository...
2026-10-04T04:28:58.318Z	No build output detected to cache. Skipping.
2026-10-04T04:28:58.318Z	No dependencies detected to cache. Skipping.
2026-10-04T04:28:59.442Z	Detected the following tools from environment: python@3.12.15
2026-10-04T04:28:59.443Z	Installing python 3.12.15
2026-10-04T04:33:09.159Z	Installing project dependencies: pip install -r requirements.txt
2026-10-04T04:33:09.990Z	Collecting asgiref==3.11.1 (from -r requirements.txt (line 1))
2026-10-04T04:33:10.035Z	  Downloading asgiref-3.11.1-py3-none-any.whl.metadata (9.3 kB)
2026-10-04T04:33:10.150Z	Collecting contourpy==1.3.3 (from -r requirements.txt (line 2))
2026-10-04T04:33:10.162Z	  Downloading contourpy-1.3.3-cp312-cp312-manylinux_2_27_x86_64.manylinux_2_28_x86_64.whl.metadata (5.5 kB)
2026-10-04T04:33:10.199Z	Collecting cycler==0.12.1 (from -r requirements.txt (line 3))
2026-10-04T04:33:10.206Z	  Downloading cycler-0.12.1-py3-none-any.whl.metadata (3.8 kB)
2026-10-04T04:33:10.346Z	Collecting Django==5.2.12 (from -r requirements.txt (line 4))
2026-10-04T04:33:10.356Z	  Downloading django-5.2.12-py3-none-any.whl.metadata (4.1 kB)
2026-10-04T04:33:10.609Z	Collecting fonttools==4.62.1 (from -r requirements.txt (line 5))
2026-10-04T04:33:10.618Z	  Downloading fonttools-4.62.1-cp312-cp312-manylinux2014_x86_64.manylinux_2_17_x86_64.whl.metadata (117 kB)
2026-10-04T04:33:10.695Z	Collecting gunicorn==25.3.0 (from -r requirements.txt (line 6))
2026-10-04T04:33:10.705Z	  Downloading gunicorn-25.3.0-py3-none-any.whl.metadata (5.5 kB)
2026-10-04T04:33:10.756Z	Collecting joblib==1.5.3 (from -r requirements.txt (line 7))
2026-10-04T04:33:10.763Z	  Downloading joblib-1.5.3-py3-none-any.whl.metadata (5.5 kB)
2026-10-04T04:33:10.913Z	Collecting kiwisolver==1.5.0 (from -r requirements.txt (line 8))
2026-10-04T04:33:10.921Z	  Downloading kiwisolver-1.5.0-cp312-cp312-manylinux2014_x86_64.manylinux_2_17_x86_64.whl.metadata (5.1 kB)
2026-10-04T04:33:11.147Z	Collecting matplotlib==3.10.8 (from -r requirements.txt (line 9))
2026-10-04T04:33:11.156Z	  Downloading matplotlib-3.10.8-cp312-cp312-manylinux2014_x86_64.manylinux_2_17_x86_64.whl.metadata (52 kB)
2026-10-04T04:33:11.216Z	Collecting pymysql==1.1.3 (from -r requirements.txt (line 10))
2026-10-04T04:33:11.225Z	  Downloading pymysql-1.1.3-py3-none-any.whl.metadata (4.3 kB)
2026-10-04T04:33:11.567Z	Collecting cryptography>=42.0.0 (from -r requirements.txt (line 11))
2026-10-04T04:33:11.572Z	  Using cached cryptography-50.0.2-cp311-abi3-manylinux_2_34_x86_64.whl.metadata (4.4 kB)
2026-10-04T04:33:12.011Z	Collecting numpy==2.4.4 (from -r requirements.txt (line 12))
2026-10-04T04:33:12.021Z	  Downloading numpy-2.4.4-cp312-cp312-manylinux_2_27_x86_64.manylinux_2_28_x86_64.whl.metadata (6.6 kB)
2026-10-04T04:33:12.072Z	Collecting packaging==26.0 (from -r requirements.txt (line 13))
2026-10-04T04:33:12.081Z	  Downloading packaging-26.0-py3-none-any.whl.metadata (3.3 kB)
2026-10-04T04:33:12.433Z	Collecting pillow==12.1.1 (from -r requirements.txt (line 14))
2026-10-04T04:33:12.443Z	  Downloading pillow-12.1.1-cp312-cp312-manylinux_2_27_x86_64.manylinux_2_28_x86_64.whl.metadata (8.8 kB)
2026-10-04T04:33:12.519Z	Collecting pyparsing==3.3.2 (from -r requirements.txt (line 15))
2026-10-04T04:33:12.527Z	  Downloading pyparsing-3.3.2-py3-none-any.whl.metadata (5.8 kB)
2026-10-04T04:33:12.569Z	Collecting python-dateutil==2.9.0.post0 (from -r requirements.txt (line 16))
2026-10-04T04:33:12.576Z	  Downloading python_dateutil-2.9.0.post0-py2.py3-none-any.whl.metadata (8.4 kB)
2026-10-04T04:33:12.737Z	Collecting scikit-learn==1.8.0 (from -r requirements.txt (line 17))
2026-10-04T04:33:12.746Z	  Downloading scikit_learn-1.8.0-cp312-cp312-manylinux_2_27_x86_64.manylinux_2_28_x86_64.whl.metadata (11 kB)
2026-10-04T04:33:12.977Z	Collecting scipy==1.17.1 (from -r requirements.txt (line 18))
2026-10-04T04:33:12.985Z	  Downloading scipy-1.17.1-cp312-cp312-manylinux_2_27_x86_64.manylinux_2_28_x86_64.whl.metadata (62 kB)
2026-10-04T04:33:13.045Z	Collecting six==1.17.0 (from -r requirements.txt (line 19))
2026-10-04T04:33:13.052Z	  Downloading six-1.17.0-py2.py3-none-any.whl.metadata (1.7 kB)
2026-10-04T04:33:13.090Z	Collecting sqlparse==0.5.5 (from -r requirements.txt (line 20))
2026-10-04T04:33:13.098Z	  Downloading sqlparse-0.5.5-py3-none-any.whl.metadata (4.7 kB)
2026-10-04T04:33:13.133Z	Collecting threadpoolctl==3.6.0 (from -r requirements.txt (line 21))
2026-10-04T04:33:13.140Z	  Downloading threadpoolctl-3.6.0-py3-none-any.whl.metadata (13 kB)
2026-10-04T04:33:13.180Z	Collecting tzdata==2025.3 (from -r requirements.txt (line 22))
2026-10-04T04:33:13.188Z	  Downloading tzdata-2025.3-py2.py3-none-any.whl.metadata (1.4 kB)
2026-10-04T04:33:13.240Z	Collecting whitenoise==6.12.0 (from -r requirements.txt (line 23))
2026-10-04T04:33:13.248Z	  Downloading whitenoise-6.12.0-py3-none-any.whl.metadata (3.7 kB)
2026-10-04T04:33:13.288Z	Collecting django-jazzmin==3.0.4 (from -r requirements.txt (line 24))
2026-10-04T04:33:13.296Z	  Downloading django_jazzmin-3.0.4-py3-none-any.whl.metadata (6.7 kB)
2026-10-04T04:33:13.758Z	Collecting cffi>=2.0.0 (from cryptography>=42.0.0->-r requirements.txt (line 11))
2026-10-04T04:33:13.766Z	  Downloading cffi-2.1.1-cp312-cp312-manylinux2014_x86_64.manylinux_2_17_x86_64.whl.metadata (2.5 kB)
2026-10-04T04:33:13.804Z	Collecting pycparser (from cffi>=2.0.0->cryptography>=42.0.0->-r requirements.txt (line 11))
2026-10-04T04:33:13.809Z	  Using cached pycparser-3.0-py3-none-any.whl.metadata (8.2 kB)
2026-10-04T04:33:13.830Z	Downloading asgiref-3.11.1-py3-none-any.whl (24 kB)
2026-10-04T04:33:13.852Z	Downloading contourpy-1.3.3-cp312-cp312-manylinux_2_27_x86_64.manylinux_2_28_x86_64.whl (362 kB)
2026-10-04T04:33:13.871Z	Downloading cycler-0.12.1-py3-none-any.whl (8.3 kB)
2026-10-04T04:33:13.888Z	Downloading django-5.2.12-py3-none-any.whl (8.3 MB)
2026-10-04T04:33:14.043Z	   ━━━━━━━━━━━━━━━━━━━━━━━━━━━━━━━━━━━━━━━━ 8.3/8.3 MB 54.7 MB/s eta 0:00:00
2026-10-04T04:33:14.053Z	Downloading fonttools-4.62.1-cp312-cp312-manylinux2014_x86_64.manylinux_2_17_x86_64.whl (5.0 MB)
2026-10-04T04:33:14.145Z	   ━━━━━━━━━━━━━━━━━━━━━━━━━━━━━━━━━━━━━━━━ 5.0/5.0 MB 55.9 MB/s eta 0:00:00
2026-10-04T04:33:14.155Z	Downloading gunicorn-25.3.0-py3-none-any.whl (208 kB)
2026-10-04T04:33:14.173Z	Downloading joblib-1.5.3-py3-none-any.whl (309 kB)
2026-10-04T04:33:14.188Z	Downloading kiwisolver-1.5.0-cp312-cp312-manylinux2014_x86_64.manylinux_2_17_x86_64.whl (1.5 MB)
2026-10-04T04:33:14.216Z	   ━━━━━━━━━━━━━━━━━━━━━━━━━━━━━━━━━━━━━━━━ 1.5/1.5 MB 53.7 MB/s eta 0:00:00
2026-10-04T04:33:14.221Z	Downloading matplotlib-3.10.8-cp312-cp312-manylinux2014_x86_64.manylinux_2_17_x86_64.whl (8.7 MB)
2026-10-04T04:33:14.383Z	   ━━━━━━━━━━━━━━━━━━━━━━━━━━━━━━━━━━━━━━━━ 8.7/8.7 MB 54.1 MB/s eta 0:00:00
2026-10-04T04:33:14.390Z	Downloading pymysql-1.1.3-py3-none-any.whl (45 kB)
2026-10-04T04:33:14.405Z	Downloading numpy-2.4.4-cp312-cp312-manylinux_2_27_x86_64.manylinux_2_28_x86_64.whl (16.6 MB)
2026-10-04T04:33:14.717Z	   ━━━━━━━━━━━━━━━━━━━━━━━━━━━━━━━━━━━━━━━━ 16.6/16.6 MB 53.4 MB/s eta 0:00:00
2026-10-04T04:33:14.739Z	Downloading packaging-26.0-py3-none-any.whl (74 kB)
2026-10-04T04:33:14.761Z	Downloading pillow-12.1.1-cp312-cp312-manylinux_2_27_x86_64.manylinux_2_28_x86_64.whl (7.0 MB)
2026-10-04T04:33:14.895Z	   ━━━━━━━━━━━━━━━━━━━━━━━━━━━━━━━━━━━━━━━━ 7.0/7.0 MB 53.2 MB/s eta 0:00:00
2026-10-04T04:33:14.898Z	Downloading pyparsing-3.3.2-py3-none-any.whl (122 kB)
2026-10-04T04:33:14.915Z	Downloading python_dateutil-2.9.0.post0-py2.py3-none-any.whl (229 kB)
2026-10-04T04:33:14.932Z	Downloading scikit_learn-1.8.0-cp312-cp312-manylinux_2_27_x86_64.manylinux_2_28_x86_64.whl (8.9 MB)
2026-10-04T04:33:15.102Z	   ━━━━━━━━━━━━━━━━━━━━━━━━━━━━━━━━━━━━━━━━ 8.9/8.9 MB 52.5 MB/s eta 0:00:00
2026-10-04T04:33:15.111Z	Downloading scipy-1.17.1-cp312-cp312-manylinux_2_27_x86_64.manylinux_2_28_x86_64.whl (35.2 MB)
2026-10-04T04:33:15.805Z	   ━━━━━━━━━━━━━━━━━━━━━━━━━━━━━━━━━━━━━━━━ 35.2/35.2 MB 51.1 MB/s eta 0:00:00
2026-10-04T04:33:15.811Z	Downloading six-1.17.0-py2.py3-none-any.whl (11 kB)
2026-10-04T04:33:15.836Z	Downloading sqlparse-0.5.5-py3-none-any.whl (46 kB)
2026-10-04T04:33:15.858Z	Downloading threadpoolctl-3.6.0-py3-none-any.whl (18 kB)
2026-10-04T04:33:15.881Z	Downloading tzdata-2025.3-py2.py3-none-any.whl (348 kB)
2026-10-04T04:33:15.904Z	Downloading whitenoise-6.12.0-py3-none-any.whl (20 kB)
2026-10-04T04:33:15.928Z	Downloading django_jazzmin-3.0.4-py3-none-any.whl (2.5 MB)
2026-10-04T04:33:15.983Z	   ━━━━━━━━━━━━━━━━━━━━━━━━━━━━━━━━━━━━━━━━ 2.5/2.5 MB 48.8 MB/s eta 0:00:00
2026-10-04T04:33:15.987Z	Using cached cryptography-50.0.2-cp311-abi3-manylinux_2_34_x86_64.whl (4.8 MB)
2026-10-04T04:33:16.018Z	Downloading cffi-2.1.1-cp312-cp312-manylinux2014_x86_64.manylinux_2_17_x86_64.whl (221 kB)
2026-10-04T04:33:16.036Z	Using cached pycparser-3.0-py3-none-any.whl (48 kB)
2026-10-04T04:33:16.579Z	Installing collected packages: whitenoise, tzdata, threadpoolctl, sqlparse, six, pyparsing, pymysql, pycparser, pillow, packaging, numpy, kiwisolver, joblib, fonttools, cycler, asgiref, scipy, python-dateutil, gunicorn, Django, contourpy, cffi, scikit-learn, matplotlib, django-jazzmin, cryptography
2026-10-04T04:33:55.619Z	Successfully installed Django-5.2.12 asgiref-3.11.1 cffi-2.1.1 contourpy-1.3.3 cryptography-50.0.2 cycler-0.12.1 django-jazzmin-3.0.4 fonttools-4.62.1 gunicorn-25.3.0 joblib-1.5.3 kiwisolver-1.5.0 matplotlib-3.10.8 numpy-2.4.4 packaging-26.0 pillow-12.1.1 pycparser-3.0 pymysql-1.1.3 pyparsing-3.3.2 python-dateutil-2.9.0.post0 scikit-learn-1.8.0 scipy-1.17.1 six-1.17.0 sqlparse-0.5.5 threadpoolctl-3.6.0 tzdata-2025.3 whitenoise-6.12.0
2026-10-04T04:33:55.802Z	
2026-10-04T04:33:55.803Z	[notice] A new release of pip is available: 25.0.1 -> 26.2.1
2026-10-04T04:33:55.803Z	[notice] To update, run: pip3 install --upgrade pip
2026-10-04T04:33:56.201Z	Reshimming asdf python...
2026-10-04T04:33:58.309Z	Executing user deploy command: npx wrangler deploy
2026-10-04T04:34:00.748Z	npm warn exec The following package was not found and will be installed: wrangler@4.147.0
2026-10-04T04:34:16.054Z	
2026-10-04T04:34:16.054Z	 ⛅️ wrangler 4.147.0
2026-10-04T04:34:16.054Z	────────────────────
2026-10-04T04:34:16.236Z	
2026-10-04T04:34:16.239Z	Cloudflare collects anonymous telemetry about your usage of Wrangler. Learn more at https://github.com/cloudflare/workers-sdk/tree/main/packages/wrangler/telemetry.md
2026-10-04T04:34:16.240Z	
2026-10-04T04:34:16.394Z	✘ [ERROR] Could not detect a directory containing static files (e.g. html, css and js) for the project
2026-10-04T04:34:16.396Z	
2026-10-04T04:34:16.397Z	
2026-10-04T04:34:16.445Z	🪵  Logs were written to "/opt/buildhome/.config/.wrangler/logs/wrangler-2026-10-04_04-34-15_307.log"
2026-10-04T04:34:16.623Z	Failed: error occurred while running deploy command